// Jest Snapshot v1, https://goo.gl/fbAQLP

exports[`invocation action component test should render invocation action 1`] = `
<div>
  <div>
    <div
      class="p-6 flex flex-col items-center justify-center gap-4 bg-zinc-100 dark:bg-zinc-900"
      data-testid="invocation-card"
    >
      <h2
        class="font-bold text-2xl"
      >
        Invocar Shenlong
      </h2>
      <button
        class="h-10 px-4 flex flex-row items-center justify-center font-bold rounded  transition-colors duration-300 bg-orange-400 text-red-800 hover:bg-orange-300 w-48"
        data-testid="invocation-button"
      >
        Invocar
      </button>
    </div>
    <div
      aria-label="Notifications (F8)"
      role="region"
      style="pointer-events: none;"
      tabindex="-1"
    >
      <ol
        tabindex="-1"
      />
    </div>
  </div>
</div>
`;
